// Jest Snapshot v1, https://goo.gl/fbAQLP

exports[`UI reducers: UI reducer initialized 1`] = `
Immutable.Record {
  "initialized": true,
  "authFetching": false,
  "feedFetching": false,
}
`;
